// Jest Snapshot v1, https://goo.gl/fbAQLP

exports[`Testing Button Screen .js 1`] = `
<RCTSafeAreaView
  emulateUnlessSupported={true}
  style={
    Object {
      "backgroundColor": "#fff",
      "flex": 1,
      "padding": 15.714285714285714,
    }
  }
>
  <Text
    style={
      Object {
        "alignSelf": "flex-end",
        "color": "#000",
        "fontSize": 22,
        "fontWeight": "bold",
        "margin": 31.428571428571427,
      }
    }
  >
    Welcome - 
    Sukumar Abhijeet
  </Text>
  <View
    style={
      Object {
        "alignSelf": "center",
        "bottom": 78.57142857142857,
        "position": "absolute",
        "width": "100%",
      }
    }
  >
    <View
      accessible={true}
      focusable={true}
      onBlur={[Function]}
      onClick={[Function]}
      onFocus={[Function]}
      onResponderGrant={[Function]}
      onResponderMove={[Function]}
      onResponderRelease={[Function]}
      onResponderTerminate={[Function]}
      onResponderTerminationRequest={[Function]}
      onStartShouldSetResponder={[Function]}
      style={
        Object {
          "backgroundColor": "#6eb1f7",
          "borderRadius": 15.714285714285714,
          "marginBottom": 15.714285714285714,
          "opacity": 1,
          "paddingVertical": 23.57142857142857,
          "width": "100%",
        }
      }
    >
      <Text
        style={
          Object {
            "color": "#fff",
            "fontSize": 22,
            "fontWeight": "bold",
            "textAlign": "center",
          }
        }
      >
        Visit Buttons
      </Text>
    </View>
    <View
      accessible={true}
      focusable={true}
      onBlur={[Function]}
      onClick={[Function]}
      onFocus={[Function]}
      onResponderGrant={[Function]}
      onResponderMove={[Function]}
      onResponderRelease={[Function]}
      onResponderTerminate={[Function]}
      onResponderTerminationRequest={[Function]}
      onStartShouldSetResponder={[Function]}
      style={
        Object {
          "backgroundColor": "#6eb1f7",
          "borderRadius": 15.714285714285714,
          "marginBottom": 15.714285714285714,
          "opacity": 1,
          "paddingVertical": 23.57142857142857,
          "width": "100%",
        }
      }
    >
      <Text
        style={
          Object {
            "color": "#fff",
            "fontSize": 22,
            "fontWeight": "bold",
            "textAlign": "center",
          }
        }
      >
        Check Login
      </Text>
    </View>
  </View>
</RCTSafeAreaView>
`;
