// Jest Snapshot v1, https://goo.gl/fbAQLP

exports[`Testing Utility Screen .js 1`] = `
<RCTSafeAreaView
  emulateUnlessSupported={true}
  style={
    Object {
      "backgroundColor": "#fff",
      "flex": 1,
      "padding": 15.714285714285714,
    }
  }
>
  <Text
    style={
      Object {
        "alignSelf": "flex-end",
        "color": "#000",
        "fontSize": 22,
        "fontWeight": "bold",
        "margin": 31.428571428571427,
      }
    }
  >
    Welcome - 
    Sukumar Abhijeet
  </Text>
  <View
    style={
      Object {
        "paddingHorizontal": 31.428571428571427,
      }
    }
  >
    <Text
      style={
        Object {
          "fontSize": 25.142857142857142,
          "marginTop": 15.714285714285714,
        }
      }
    >
      Merging The objects
    </Text>
    <Text>
      1st Object : 
      {"test":"case1","value":50}
       
    </Text>
    <Text>
      2nd Object : 
      {"name":"Investec","age":100}
       
    </Text>
    <Text>
      Results : 
      {"test":"case1","value":50,"name":"Investec","age":100}
    </Text>
    <Text
      style={
        Object {
          "fontSize": 25.142857142857142,
          "marginTop": 15.714285714285714,
        }
      }
    >
      Merging The Arrays
    </Text>
    <Text>
      1st Array : 
      [1,2,3,4,5]
       
    </Text>
    <Text>
      2nd Array : 
      ["N1","N2","N3","N4","N5"]
       
    </Text>
    <Text>
      Results : 
      [1,2,3,4,5,"N1","N2","N3","N4","N5"]
    </Text>
    <Text
      style={
        Object {
          "fontSize": 25.142857142857142,
          "marginTop": 15.714285714285714,
        }
      }
    >
      Concatnation Of Strings | Numbers
    </Text>
    <Text>
      1st 
      number
       : 
      500
       
    </Text>
    <Text>
      2nd 
      number
       : 
      300
       
    </Text>
    <Text>
      Results : 
      800
    </Text>
  </View>
  <View
    style={
      Object {
        "alignSelf": "center",
        "bottom": 78.57142857142857,
        "position": "absolute",
        "width": "90%",
      }
    }
  >
    <View
      accessible={true}
      focusable={true}
      onBlur={[Function]}
      onClick={[Function]}
      onFocus={[Function]}
      onResponderGrant={[Function]}
      onResponderMove={[Function]}
      onResponderRelease={[Function]}
      onResponderTerminate={[Function]}
      onResponderTerminationRequest={[Function]}
      onStartShouldSetResponder={[Function]}
      style={
        Object {
          "backgroundColor": "#6eb1f7",
          "borderRadius": 15.714285714285714,
          "marginBottom": 15.714285714285714,
          "opacity": 1,
          "paddingVertical": 23.57142857142857,
          "width": "100%",
        }
      }
      testID="NavigateToButtons"
    >
      <Text
        style={
          Object {
            "color": "#fff",
            "fontSize": 22,
            "fontWeight": "bold",
            "textAlign": "center",
          }
        }
      >
        Visit Buttons
      </Text>
    </View>
    <View
      accessible={true}
      focusable={true}
      onBlur={[Function]}
      onClick={[Function]}
      onFocus={[Function]}
      onResponderGrant={[Function]}
      onResponderMove={[Function]}
      onResponderRelease={[Function]}
      onResponderTerminate={[Function]}
      onResponderTerminationRequest={[Function]}
      onStartShouldSetResponder={[Function]}
      style={
        Object {
          "backgroundColor": "#6eb1f7",
          "borderRadius": 15.714285714285714,
          "marginBottom": 15.714285714285714,
          "opacity": 1,
          "paddingVertical": 23.57142857142857,
          "width": "100%",
        }
      }
      testID="NavigateToNative"
    >
      <Text
        style={
          Object {
            "color": "#fff",
            "fontSize": 22,
            "fontWeight": "bold",
            "textAlign": "center",
          }
        }
      >
        Check Devices
      </Text>
    </View>
    <View
      accessible={true}
      focusable={true}
      onBlur={[Function]}
      onClick={[Function]}
      onFocus={[Function]}
      onResponderGrant={[Function]}
      onResponderMove={[Function]}
      onResponderRelease={[Function]}
      onResponderTerminate={[Function]}
      onResponderTerminationRequest={[Function]}
      onStartShouldSetResponder={[Function]}
      style={
        Object {
          "backgroundColor": "#6eb1f7",
          "borderRadius": 15.714285714285714,
          "marginBottom": 15.714285714285714,
          "opacity": 1,
          "paddingVertical": 23.57142857142857,
          "width": "100%",
        }
      }
      testID="NavigateToLogin"
    >
      <Text
        style={
          Object {
            "color": "#fff",
            "fontSize": 22,
            "fontWeight": "bold",
            "textAlign": "center",
          }
        }
      >
        Check Login
      </Text>
    </View>
  </View>
</RCTSafeAreaView>
`;
